******************************************************************************
                  TI ARM Linker PC v20.2.2                     
******************************************************************************
>> Linked Sat Oct 14 13:08:53 2023

OUTPUT FILE NAME:   <BLUETOOTH_CONFIGURAR.out>
ENTRY POINT SYMBOL: "_c_int00_noargs"  address: 00000e51


MEMORY CONFIGURATION

         name            origin    length      used     unused   attr    fill
----------------------  --------  ---------  --------  --------  ----  --------
  FLASH                 00000000   00040000  00001192  0003ee6e  R  X
  SRAM                  20000000   00008000  00000215  00007deb  RW X


SEGMENT ALLOCATION MAP

run origin  load origin   length   init length attrs members
----------  ----------- ---------- ----------- ----- -------
00000000    00000000    00001198   00001198    r-x
  00000000    00000000    0000026c   0000026c    r-- .intvecs
  0000026c    0000026c    00000d4e   00000d4e    r-x .text
  00000fbc    00000fbc    000001a8   000001a8    r-- .const
  00001168    00001168    00000030   00000030    r-- .cinit
20000000    20000000    00000215   00000000    rw-
  20000000    20000000    00000200   00000000    rw- .stack
  20000200    20000200    0000000c   00000000    rw- .bss
  2000020c    2000020c    00000009   00000000    rw- .data


SECTION ALLOCATION MAP

 output                                  attributes/
section   page    origin      length       input sections
--------  ----  ----------  ----------   ----------------
.intvecs   0    00000000    0000026c     
                  00000000    0000026c     tm4c123gh6pm_startup_ccs.obj (.intvecs)

.text      0    0000026c    00000d4e     
                  0000026c    000005c0     main.obj (.text)
                  0000082c    00000132     driverlib.lib : gpio.obj (.text:GPIOPadConfigSet)
                  0000095e    00000002     rtsv7M4_T_le_v4SPD16_eabi.lib : div0.asm.obj (.text)
                  00000960    00000110     driverlib.lib : sysctl.obj (.text:SysCtlClockGet)
                  00000a70    000000f4                   : sysctl.obj (.text:SysCtlClockSet)
                  00000b64    0000009c     rtsv7M4_T_le_v4SPD16_eabi.lib : memcpy_t2.asm.obj (.text)
                  00000c00    00000068     driverlib.lib : interrupt.obj (.text:IntEnable)
                  00000c68    00000068     rtsv7M4_T_le_v4SPD16_eabi.lib : copy_decompress_lzss.c.obj (.text:decompress:lzss:__TI_decompress_lzss)
                  00000cd0    00000048     driverlib.lib : gpio.obj (.text:GPIOPinConfigure)
                  00000d18    00000046                   : uart.obj (.text:UARTConfigSetExpClk)
                  00000d5e    00000002     --HOLE-- [fill = 0]
                  00000d60    00000044     rtsv7M4_T_le_v4SPD16_eabi.lib : autoinit.c.obj (.text:__TI_auto_init_nobinit_nopinit:__TI_auto_init_nobinit_nopinit)
                  00000da4    00000040                                   : u_divt2.asm.obj (.text)
                  00000de4    00000038     driverlib.lib : sysctl.obj (.text:SysCtlPeripheralPresent)
                  00000e1c    00000034                   : sysctl.obj (.text:SysCtlPeripheralEnable)
                  00000e50    00000034     rtsv7M4_T_le_v4SPD16_eabi.lib : boot_cortex_m.c.obj (.text:_c_int00_noargs:_c_int00_noargs)
                  00000e84    0000002a     driverlib.lib : gpio.obj (.text:GPIODirModeSet)
                  00000eae    00000002     --HOLE-- [fill = 0]
                  00000eb0    00000020                   : uart.obj (.text:UARTDisable)
                  00000ed0    0000001c     rtsv7M4_T_le_v4SPD16_eabi.lib : copy_zero_init.c.obj (.text:decompress:ZI:__TI_zero_init_nomemset:__TI_zero_init_nomemset)
                  00000eec    00000018     driverlib.lib : gpio.obj (.text:GPIOPinTypeGPIOOutput)
                  00000f04    00000014                   : uart.obj (.text:UARTEnable)
                  00000f18    00000012                   : gpio.obj (.text:GPIOPinTypeUART)
                  00000f2a    00000010                   : interrupt.obj (.text:IntMasterEnable)
                  00000f3a    0000000e                   : uart.obj (.text:UARTCharGetNonBlocking)
                  00000f48    0000000e                   : uart.obj (.text:UARTCharsAvail)
                  00000f56    0000000e     rtsv7M4_T_le_v4SPD16_eabi.lib : copy_decompress_none.c.obj (.text:decompress:none:__TI_decompress_none)
                  00000f64    0000000c     driverlib.lib : cpu.obj (.text:CPUcpsie)
                  00000f70    0000000c     tm4c123gh6pm_startup_ccs.obj (.text)
                  00000f7c    0000000a     driverlib.lib : uart.obj (.text:UARTCharGet)
                  00000f86    0000000a                   : uart.obj (.text:UARTCharPut)
                  00000f90    0000000a                   : uart.obj (.text:UARTIntStatus)
                  00000f9a    00000008                   : uart.obj (.text:UARTIntEnable)
                  00000fa2    00000006                   : gpio.obj (.text:GPIOPinWrite)
                  00000fa8    00000006                   : sysctl.obj (.text:SysCtlDelay)
                  00000fae    00000004                   : uart.obj (.text:UARTIntClear)
                  00000fb2    00000004     rtsv7M4_T_le_v4SPD16_eabi.lib : pre_init.c.obj (.text:_system_pre_init)
                  00000fb6    00000004                                   : exit.c.obj (.text:abort:abort)

.const     0    00000fbc    000001a8     
                  00000fbc    00000090     driverlib.lib : gpio.obj (.const:g_pui32GPIOBaseAddrs)
                  0000104c    00000070                   : interrupt.obj (.const)
                  000010bc    0000006c                   : sysctl.obj (.const:g_pui32Xtals)
                  00001128    00000020     main.obj (.const:.string)
                  00001148    0000000c     main.obj (.const:g_ui32UARTBase)
                  00001154    0000000c     main.obj (.const:g_ui32UARTPeriph)
                  00001160    00000004     main.obj (.const)

.cinit     0    00001168    00000030     
                  00001168    0000000c     (__TI_handler_table)
                  00001174    0000000b     (.cinit..data.load) [load image, compression = lzss]
                  0000117f    00000001     --HOLE-- [fill = 0]
                  00001180    00000008     (.cinit..bss.load) [load image, compression = zero_init]
                  00001188    00000010     (__TI_cinit_table)

.init_array 
*          0    00000000    00000000     UNINITIALIZED

.bss       0    20000200    0000000c     UNINITIALIZED
                  20000200    00000008     (.common:RX)
                  20000208    00000004     (.common:ui32Status)

.data      0    2000020c    00000009     UNINITIALIZED
                  2000020c    00000009     main.obj (.data)

.stack     0    20000000    00000200     UNINITIALIZED
                  20000000    00000004     rtsv7M4_T_le_v4SPD16_eabi.lib : boot_cortex_m.c.obj (.stack)
                  20000004    000001fc     --HOLE--

__llvm_prf_cnts 
*          0    20000000    00000000     UNINITIALIZED

MODULE SUMMARY

       Module                         code   ro data   rw data
       ------                         ----   -------   -------
    .\
       main.obj                       1472   60        21     
       tm4c123gh6pm_startup_ccs.obj   12     620       0      
    +--+------------------------------+------+---------+---------+
       Total:                         1484   680       21     
                                                              
    ../driverlib.lib
       sysctl.obj                     630    108       0      
       gpio.obj                       468    144       0      
       interrupt.obj                  120    112       0      
       uart.obj                       192    0         0      
       cpu.obj                        12     0         0      
    +--+------------------------------+------+---------+---------+
       Total:                         1422   364       0      
                                                              
    C:\ti\ccs1020\ccs\tools\compiler\ti-cgt-arm_20.2.2.LTS\lib\rtsv7M4_T_le_v4SPD16_eabi.lib
       memcpy_t2.asm.obj              156    0         0      
       copy_decompress_lzss.c.obj     104    0         0      
       autoinit.c.obj                 68     0         0      
       u_divt2.asm.obj                64     0         0      
       boot_cortex_m.c.obj            52     0         0      
       copy_zero_init.c.obj           28     0         0      
       copy_decompress_none.c.obj     14     0         0      
       exit.c.obj                     4      0         0      
       pre_init.c.obj                 4      0         0      
       div0.asm.obj                   2      0         0      
    +--+------------------------------+------+---------+---------+
       Total:                         496    0         0      
                                                              
       Stack:                         0      0         512    
       Linker Generated:              0      47        0      
    +--+------------------------------+------+---------+---------+
       Grand Total:                   3402   1091      533    


LINKER GENERATED COPY TABLES

__TI_cinit_table @ 00001188 records: 2, size/record: 8, table size: 16
	.data: load addr=00001174, load size=0000000b bytes, run addr=2000020c, run size=00000009 bytes, compression=lzss
	.bss: load addr=00001180, load size=00000008 bytes, run addr=20000200, run size=0000000c bytes, compression=zero_init


LINKER GENERATED HANDLER TABLE

__TI_handler_table @ 00001168 records: 3, size/record: 4, table size: 12
	index: 0, handler: __TI_decompress_lzss
	index: 1, handler: __TI_decompress_none
	index: 2, handler: __TI_zero_init


GLOBAL SYMBOLS: SORTED ALPHABETICALLY BY Name 

address   name                          
-------   ----                          
00000fb7  C$$EXIT                       
20000210  CHARS                         
00000f65  CPUcpsie                      
00000e85  GPIODirModeSet                
0000082d  GPIOPadConfigSet              
00000cd1  GPIOPinConfigure              
00000eed  GPIOPinTypeGPIOOutput         
00000f19  GPIOPinTypeUART               
00000fa3  GPIOPinWrite                  
00000c01  IntEnable                     
00000f2b  IntMasterEnable               
20000200  RX                            
00000f71  ResetISR                      
00000961  SysCtlClockGet                
00000a71  SysCtlClockSet                
00000fa9  SysCtlDelay                   
00000e1d  SysCtlPeripheralEnable        
00000de5  SysCtlPeripheralPresent       
00000f7d  UARTCharGet                   
00000f3b  UARTCharGetNonBlocking        
00000f87  UARTCharPut                   
00000f49  UARTCharsAvail                
00000d19  UARTConfigSetExpClk           
00000eb1  UARTDisable                   
00000f05  UARTEnable                    
00000faf  UARTIntClear                  
00000f9b  UARTIntEnable                 
000006f7  UARTIntHandler                
00000f91  UARTIntStatus                 
0000026d  UARTStdioConfig               
000003b3  UARTgetc                      
000002f9  UARTgets                      
000006d3  UARTprintf                    
000003d9  UARTvprintf                   
000002b3  UARTwrite                     
20000200  __STACK_END                   
00000200  __STACK_SIZE                  
20000200  __STACK_TOP                   
00001188  __TI_CINIT_Base               
00001198  __TI_CINIT_Limit              
00001168  __TI_Handler_Table_Base       
00001174  __TI_Handler_Table_Limit      
00000d61  __TI_auto_init_nobinit_nopinit
00000c69  __TI_decompress_lzss          
00000f57  __TI_decompress_none          
ffffffff  __TI_pprof_out_hndl           
ffffffff  __TI_prof_data_size           
ffffffff  __TI_prof_data_start          
00000000  __TI_static_base__            
00000ed1  __TI_zero_init_nomemset       
0000095f  __aeabi_idiv0                 
0000095f  __aeabi_ldiv0                 
00000b65  __aeabi_memcpy                
00000b65  __aeabi_memcpy4               
00000b65  __aeabi_memcpy8               
00000da5  __aeabi_uidiv                 
00000da5  __aeabi_uidivmod              
ffffffff  __binit__                     
ffffffff  __c_args__                    
UNDEFED   __mpu_init                    
20000000  __stack                       
20000000  __start___llvm_prf_cnts       
20000000  __stop___llvm_prf_cnts        
00000e51  _c_int00_noargs               
UNDEFED   _system_post_cinit            
00000fb3  _system_pre_init              
00000fb7  abort                         
ffffffff  binit                         
000007cf  bluetoothSendMessage          
00000000  g_pfnVectors                  
00000761  main                          
00000b65  memcpy                        
20000208  ui32Status                    


GLOBAL SYMBOLS: SORTED BY Symbol Address 

address   name                          
-------   ----                          
00000000  __TI_static_base__            
00000000  g_pfnVectors                  
00000200  __STACK_SIZE                  
0000026d  UARTStdioConfig               
000002b3  UARTwrite                     
000002f9  UARTgets                      
000003b3  UARTgetc                      
000003d9  UARTvprintf                   
000006d3  UARTprintf                    
000006f7  UARTIntHandler                
00000761  main                          
000007cf  bluetoothSendMessage          
0000082d  GPIOPadConfigSet              
0000095f  __aeabi_idiv0                 
0000095f  __aeabi_ldiv0                 
00000961  SysCtlClockGet                
00000a71  SysCtlClockSet                
00000b65  __aeabi_memcpy                
00000b65  __aeabi_memcpy4               
00000b65  __aeabi_memcpy8               
00000b65  memcpy                        
00000c01  IntEnable                     
00000c69  __TI_decompress_lzss          
00000cd1  GPIOPinConfigure              
00000d19  UARTConfigSetExpClk           
00000d61  __TI_auto_init_nobinit_nopinit
00000da5  __aeabi_uidiv                 
00000da5  __aeabi_uidivmod              
00000de5  SysCtlPeripheralPresent       
00000e1d  SysCtlPeripheralEnable        
00000e51  _c_int00_noargs               
00000e85  GPIODirModeSet                
00000eb1  UARTDisable                   
00000ed1  __TI_zero_init_nomemset       
00000eed  GPIOPinTypeGPIOOutput         
00000f05  UARTEnable                    
00000f19  GPIOPinTypeUART               
00000f2b  IntMasterEnable               
00000f3b  UARTCharGetNonBlocking        
00000f49  UARTCharsAvail                
00000f57  __TI_decompress_none          
00000f65  CPUcpsie                      
00000f71  ResetISR                      
00000f7d  UARTCharGet                   
00000f87  UARTCharPut                   
00000f91  UARTIntStatus                 
00000f9b  UARTIntEnable                 
00000fa3  GPIOPinWrite                  
00000fa9  SysCtlDelay                   
00000faf  UARTIntClear                  
00000fb3  _system_pre_init              
00000fb7  C$$EXIT                       
00000fb7  abort                         
00001168  __TI_Handler_Table_Base       
00001174  __TI_Handler_Table_Limit      
00001188  __TI_CINIT_Base               
00001198  __TI_CINIT_Limit              
20000000  __stack                       
20000000  __start___llvm_prf_cnts       
20000000  __stop___llvm_prf_cnts        
20000200  RX                            
20000200  __STACK_END                   
20000200  __STACK_TOP                   
20000208  ui32Status                    
20000210  CHARS                         
ffffffff  __TI_pprof_out_hndl           
ffffffff  __TI_prof_data_size           
ffffffff  __TI_prof_data_start          
ffffffff  __binit__                     
ffffffff  __c_args__                    
ffffffff  binit                         
UNDEFED   __mpu_init                    
UNDEFED   _system_post_cinit            

[73 symbols]
