******************************************************************************
                  TI ARM Linker PC v20.2.2                     
******************************************************************************
>> Linked Thu Oct 12 11:51:18 2023

OUTPUT FILE NAME:   <BLUETOOTHYPWM.out>
ENTRY POINT SYMBOL: "_c_int00_noargs"  address: 00000fd5


MEMORY CONFIGURATION

         name            origin    length      used     unused   attr    fill
----------------------  --------  ---------  --------  --------  ----  --------
  FLASH                 00000000   00040000  000013b2  0003ec4e  R  X
  SRAM                  20000000   00008000  0000021d  00007de3  RW X


SEGMENT ALLOCATION MAP

run origin  load origin   length   init length attrs members
----------  ----------- ---------- ----------- ----- -------
00000000    00000000    000013b8   000013b8    r-x
  00000000    00000000    0000026c   0000026c    r-- .intvecs
  0000026c    0000026c    00000f66   00000f66    r-x .text
  000011d4    000011d4    000001a8   000001a8    r-- .const
  00001380    00001380    00000038   00000038    r-- .cinit
20000000    20000000    0000021d   00000000    rw-
  20000000    20000000    00000200   00000000    rw- .stack
  20000200    20000200    00000010   00000000    rw- .bss
  20000210    20000210    0000000d   00000000    rw- .data


SECTION ALLOCATION MAP

 output                                  attributes/
section   page    origin      length       input sections
--------  ----  ----------  ----------   ----------------
.intvecs   0    00000000    0000026c     
                  00000000    0000026c     tm4c123gh6pm_startup_ccs.obj (.intvecs)

.text      0    0000026c    00000f66     
                  0000026c    00000744     main.obj (.text)
                  000009b0    00000132     driverlib.lib : gpio.obj (.text:GPIOPadConfigSet)
                  00000ae2    00000002     rtsv7M4_T_le_v4SPD16_eabi.lib : div0.asm.obj (.text)
                  00000ae4    00000110     driverlib.lib : sysctl.obj (.text:SysCtlClockGet)
                  00000bf4    000000f4                   : sysctl.obj (.text:SysCtlClockSet)
                  00000ce8    0000009c     rtsv7M4_T_le_v4SPD16_eabi.lib : memcpy_t2.asm.obj (.text)
                  00000d84    00000068     driverlib.lib : interrupt.obj (.text:IntEnable)
                  00000dec    00000068     rtsv7M4_T_le_v4SPD16_eabi.lib : copy_decompress_lzss.c.obj (.text:decompress:lzss:__TI_decompress_lzss)
                  00000e54    00000048     driverlib.lib : gpio.obj (.text:GPIOPinConfigure)
                  00000e9c    00000046                   : uart.obj (.text:UARTConfigSetExpClk)
                  00000ee2    00000002     --HOLE-- [fill = 0]
                  00000ee4    00000044     rtsv7M4_T_le_v4SPD16_eabi.lib : autoinit.c.obj (.text:__TI_auto_init_nobinit_nopinit:__TI_auto_init_nobinit_nopinit)
                  00000f28    00000040                                   : u_divt2.asm.obj (.text)
                  00000f68    00000038     driverlib.lib : sysctl.obj (.text:SysCtlPeripheralPresent)
                  00000fa0    00000034                   : sysctl.obj (.text:SysCtlPeripheralEnable)
                  00000fd4    00000034     rtsv7M4_T_le_v4SPD16_eabi.lib : boot_cortex_m.c.obj (.text:_c_int00_noargs:_c_int00_noargs)
                  00001008    0000002a     driverlib.lib : gpio.obj (.text:GPIODirModeSet)
                  00001032    00000022                   : pwm.obj (.text:PWMGenConfigure)
                  00001054    00000020                   : uart.obj (.text:UARTDisable)
                  00001074    0000001e                   : pwm.obj (.text:PWMPulseWidthSet)
                  00001092    0000001c     rtsv7M4_T_le_v4SPD16_eabi.lib : copy_zero_init.c.obj (.text:decompress:ZI:__TI_zero_init_nomemset:__TI_zero_init_nomemset)
                  000010ae    00000018     driverlib.lib : gpio.obj (.text:GPIOPinTypeGPIOOutput)
                  000010c6    00000002     --HOLE-- [fill = 0]
                  000010c8    00000014                   : sysctl.obj (.text:SysCtlPWMClockSet)
                  000010dc    00000014                   : uart.obj (.text:UARTEnable)
                  000010f0    00000012                   : gpio.obj (.text:GPIOPinTypePWM)
                  00001102    00000012                   : gpio.obj (.text:GPIOPinTypeUART)
                  00001114    00000012                   : pwm.obj (.text:PWMOutputState)
                  00001126    00000010                   : interrupt.obj (.text:IntMasterEnable)
                  00001136    00000010                   : pwm.obj (.text:PWMGenPeriodSet)
                  00001146    0000000e                   : uart.obj (.text:UARTCharGetNonBlocking)
                  00001154    0000000e                   : uart.obj (.text:UARTCharsAvail)
                  00001162    0000000e     rtsv7M4_T_le_v4SPD16_eabi.lib : copy_decompress_none.c.obj (.text:decompress:none:__TI_decompress_none)
                  00001170    0000000c     driverlib.lib : cpu.obj (.text:CPUcpsie)
                  0000117c    0000000c                   : pwm.obj (.text:PWMGenEnable)
                  00001188    0000000c     tm4c123gh6pm_startup_ccs.obj (.text)
                  00001194    0000000a     driverlib.lib : uart.obj (.text:UARTCharGet)
                  0000119e    0000000a                   : uart.obj (.text:UARTCharPut)
                  000011a8    0000000a                   : uart.obj (.text:UARTIntStatus)
                  000011b2    00000008                   : uart.obj (.text:UARTIntEnable)
                  000011ba    00000006                   : gpio.obj (.text:GPIOPinWrite)
                  000011c0    00000006                   : sysctl.obj (.text:SysCtlDelay)
                  000011c6    00000004                   : uart.obj (.text:UARTIntClear)
                  000011ca    00000004     rtsv7M4_T_le_v4SPD16_eabi.lib : pre_init.c.obj (.text:_system_pre_init)
                  000011ce    00000004                                   : exit.c.obj (.text:abort:abort)

.const     0    000011d4    000001a8     
                  000011d4    00000090     driverlib.lib : gpio.obj (.const:g_pui32GPIOBaseAddrs)
                  00001264    00000070                   : interrupt.obj (.const)
                  000012d4    0000006c                   : sysctl.obj (.const:g_pui32Xtals)
                  00001340    00000020     main.obj (.const:.string)
                  00001360    0000000c     main.obj (.const:g_ui32UARTBase)
                  0000136c    0000000c     main.obj (.const:g_ui32UARTPeriph)
                  00001378    00000004     main.obj (.const)

.cinit     0    00001380    00000038     
                  00001380    0000000d     (.cinit..data.load) [load image, compression = lzss]
                  0000138d    00000003     --HOLE-- [fill = 0]
                  00001390    0000000c     (__TI_handler_table)
                  0000139c    00000004     --HOLE-- [fill = 0]
                  000013a0    00000008     (.cinit..bss.load) [load image, compression = zero_init]
                  000013a8    00000010     (__TI_cinit_table)

.init_array 
*          0    00000000    00000000     UNINITIALIZED

.bss       0    20000200    00000010     UNINITIALIZED
                  20000200    00000004     (.common:CARGA)
                  20000204    00000004     (.common:PWMCLOCK)
                  20000208    00000004     (.common:RX)
                  2000020c    00000004     (.common:ui32Status)

.data      0    20000210    0000000d     UNINITIALIZED
                  20000210    0000000d     main.obj (.data)

.stack     0    20000000    00000200     UNINITIALIZED
                  20000000    00000004     rtsv7M4_T_le_v4SPD16_eabi.lib : boot_cortex_m.c.obj (.stack)
                  20000004    000001fc     --HOLE--

__llvm_prf_cnts 
*          0    20000000    00000000     UNINITIALIZED

MODULE SUMMARY

       Module                         code   ro data   rw data
       ------                         ----   -------   -------
    .\
       main.obj                       1860   60        29     
       tm4c123gh6pm_startup_ccs.obj   12     620       0      
    +--+------------------------------+------+---------+---------+
       Total:                         1872   680       29     
                                                              
    ../driverlib.lib
       sysctl.obj                     650    108       0      
       gpio.obj                       486    144       0      
       interrupt.obj                  120    112       0      
       uart.obj                       192    0         0      
       pwm.obj                        110    0         0      
       cpu.obj                        12     0         0      
    +--+------------------------------+------+---------+---------+
       Total:                         1570   364       0      
                                                              
    C:\ti\ccs1020\ccs\tools\compiler\ti-cgt-arm_20.2.2.LTS\lib\rtsv7M4_T_le_v4SPD16_eabi.lib
       memcpy_t2.asm.obj              156    0         0      
       copy_decompress_lzss.c.obj     104    0         0      
       autoinit.c.obj                 68     0         0      
       u_divt2.asm.obj                64     0         0      
       boot_cortex_m.c.obj            52     0         0      
       copy_zero_init.c.obj           28     0         0      
       copy_decompress_none.c.obj     14     0         0      
       exit.c.obj                     4      0         0      
       pre_init.c.obj                 4      0         0      
       div0.asm.obj                   2      0         0      
    +--+------------------------------+------+---------+---------+
       Total:                         496    0         0      
                                                              
       Stack:                         0      0         512    
       Linker Generated:              0      49        0      
    +--+------------------------------+------+---------+---------+
       Grand Total:                   3938   1093      541    


LINKER GENERATED COPY TABLES

__TI_cinit_table @ 000013a8 records: 2, size/record: 8, table size: 16
	.data: load addr=00001380, load size=0000000d bytes, run addr=20000210, run size=0000000d bytes, compression=lzss
	.bss: load addr=000013a0, load size=00000008 bytes, run addr=20000200, run size=00000010 bytes, compression=zero_init


LINKER GENERATED HANDLER TABLE

__TI_handler_table @ 00001390 records: 3, size/record: 4, table size: 12
	index: 0, handler: __TI_decompress_lzss
	index: 1, handler: __TI_decompress_none
	index: 2, handler: __TI_zero_init


GLOBAL SYMBOLS: SORTED ALPHABETICALLY BY Name 

address   name                          
-------   ----                          
000011cf  C$$EXIT                       
20000200  CARGA                         
20000218  CHARS                         
00001171  CPUcpsie                      
00001009  GPIODirModeSet                
000009b1  GPIOPadConfigSet              
00000e55  GPIOPinConfigure              
000010af  GPIOPinTypeGPIOOutput         
000010f1  GPIOPinTypePWM                
00001103  GPIOPinTypeUART               
000011bb  GPIOPinWrite                  
00000d85  IntEnable                     
00001127  IntMasterEnable               
20000204  PWMCLOCK                      
000008ad  PWMConfig                     
00001033  PWMGenConfigure               
0000117d  PWMGenEnable                  
00001137  PWMGenPeriodSet               
00001115  PWMOutputState                
00001075  PWMPulseWidthSet              
20000208  RX                            
00001189  ResetISR                      
20000214  SERVO1                        
20000215  SERVO2                        
00000ae5  SysCtlClockGet                
00000bf5  SysCtlClockSet                
000011c1  SysCtlDelay                   
000010c9  SysCtlPWMClockSet             
00000fa1  SysCtlPeripheralEnable        
00000f69  SysCtlPeripheralPresent       
00001195  UARTCharGet                   
00001147  UARTCharGetNonBlocking        
0000119f  UARTCharPut                   
00001155  UARTCharsAvail                
00000e9d  UARTConfigSetExpClk           
00001055  UARTDisable                   
000010dd  UARTEnable                    
000011c7  UARTIntClear                  
000011b3  UARTIntEnable                 
000006f7  UARTIntHandler                
000011a9  UARTIntStatus                 
0000026d  UARTStdioConfig               
000003b3  UARTgetc                      
000002f9  UARTgets                      
000006d3  UARTprintf                    
000003d9  UARTvprintf                   
000002b3  UARTwrite                     
20000200  __STACK_END                   
00000200  __STACK_SIZE                  
20000200  __STACK_TOP                   
000013a8  __TI_CINIT_Base               
000013b8  __TI_CINIT_Limit              
00001390  __TI_Handler_Table_Base       
0000139c  __TI_Handler_Table_Limit      
00000ee5  __TI_auto_init_nobinit_nopinit
00000ded  __TI_decompress_lzss          
00001163  __TI_decompress_none          
ffffffff  __TI_pprof_out_hndl           
ffffffff  __TI_prof_data_size           
ffffffff  __TI_prof_data_start          
00000000  __TI_static_base__            
00001093  __TI_zero_init_nomemset       
00000ae3  __aeabi_idiv0                 
00000ae3  __aeabi_ldiv0                 
00000ce9  __aeabi_memcpy                
00000ce9  __aeabi_memcpy4               
00000ce9  __aeabi_memcpy8               
00000f29  __aeabi_uidiv                 
00000f29  __aeabi_uidivmod              
ffffffff  __binit__                     
ffffffff  __c_args__                    
UNDEFED   __mpu_init                    
20000000  __stack                       
20000000  __start___llvm_prf_cnts       
20000000  __stop___llvm_prf_cnts        
00000fd5  _c_int00_noargs               
UNDEFED   _system_post_cinit            
000011cb  _system_pre_init              
000011cf  abort                         
ffffffff  binit                         
00000000  g_pfnVectors                  
00000793  main                          
00000ce9  memcpy                        
2000020c  ui32Status                    


GLOBAL SYMBOLS: SORTED BY Symbol Address 

address   name                          
-------   ----                          
00000000  __TI_static_base__            
00000000  g_pfnVectors                  
00000200  __STACK_SIZE                  
0000026d  UARTStdioConfig               
000002b3  UARTwrite                     
000002f9  UARTgets                      
000003b3  UARTgetc                      
000003d9  UARTvprintf                   
000006d3  UARTprintf                    
000006f7  UARTIntHandler                
00000793  main                          
000008ad  PWMConfig                     
000009b1  GPIOPadConfigSet              
00000ae3  __aeabi_idiv0                 
00000ae3  __aeabi_ldiv0                 
00000ae5  SysCtlClockGet                
00000bf5  SysCtlClockSet                
00000ce9  __aeabi_memcpy                
00000ce9  __aeabi_memcpy4               
00000ce9  __aeabi_memcpy8               
00000ce9  memcpy                        
00000d85  IntEnable                     
00000ded  __TI_decompress_lzss          
00000e55  GPIOPinConfigure              
00000e9d  UARTConfigSetExpClk           
00000ee5  __TI_auto_init_nobinit_nopinit
00000f29  __aeabi_uidiv                 
00000f29  __aeabi_uidivmod              
00000f69  SysCtlPeripheralPresent       
00000fa1  SysCtlPeripheralEnable        
00000fd5  _c_int00_noargs               
00001009  GPIODirModeSet                
00001033  PWMGenConfigure               
00001055  UARTDisable                   
00001075  PWMPulseWidthSet              
00001093  __TI_zero_init_nomemset       
000010af  GPIOPinTypeGPIOOutput         
000010c9  SysCtlPWMClockSet             
000010dd  UARTEnable                    
000010f1  GPIOPinTypePWM                
00001103  GPIOPinTypeUART               
00001115  PWMOutputState                
00001127  IntMasterEnable               
00001137  PWMGenPeriodSet               
00001147  UARTCharGetNonBlocking        
00001155  UARTCharsAvail                
00001163  __TI_decompress_none          
00001171  CPUcpsie                      
0000117d  PWMGenEnable                  
00001189  ResetISR                      
00001195  UARTCharGet                   
0000119f  UARTCharPut                   
000011a9  UARTIntStatus                 
000011b3  UARTIntEnable                 
000011bb  GPIOPinWrite                  
000011c1  SysCtlDelay                   
000011c7  UARTIntClear                  
000011cb  _system_pre_init              
000011cf  C$$EXIT                       
000011cf  abort                         
00001390  __TI_Handler_Table_Base       
0000139c  __TI_Handler_Table_Limit      
000013a8  __TI_CINIT_Base               
000013b8  __TI_CINIT_Limit              
20000000  __stack                       
20000000  __start___llvm_prf_cnts       
20000000  __stop___llvm_prf_cnts        
20000200  CARGA                         
20000200  __STACK_END                   
20000200  __STACK_TOP                   
20000204  PWMCLOCK                      
20000208  RX                            
2000020c  ui32Status                    
20000214  SERVO1                        
20000215  SERVO2                        
20000218  CHARS                         
ffffffff  __TI_pprof_out_hndl           
ffffffff  __TI_prof_data_size           
ffffffff  __TI_prof_data_start          
ffffffff  __binit__                     
ffffffff  __c_args__                    
ffffffff  binit                         
UNDEFED   __mpu_init                    
UNDEFED   _system_post_cinit            

[84 symbols]
