******************************************************************************
                  TI ARM Linker PC v20.2.2                     
******************************************************************************
>> Linked Tue Feb 13 12:24:31 2024

OUTPUT FILE NAME:   <UART_TERMINAL_CODE.out>
ENTRY POINT SYMBOL: "_c_int00_noargs"  address: 00000e65


MEMORY CONFIGURATION

         name            origin    length      used     unused   attr    fill
----------------------  --------  ---------  --------  --------  ----  --------
  FLASH                 00000000   00040000  000011a6  0003ee5a  R  X
  SRAM                  20000000   00008000  00000215  00007deb  RW X


SEGMENT ALLOCATION MAP

run origin  load origin   length   init length attrs members
----------  ----------- ---------- ----------- ----- -------
00000000    00000000    000011a8   000011a8    r-x
  00000000    00000000    0000026c   0000026c    r-- .intvecs
  0000026c    0000026c    00000d62   00000d62    r-x .text
  00000fd0    00000fd0    000001a8   000001a8    r-- .const
  00001178    00001178    00000030   00000030    r-- .cinit
20000000    20000000    00000215   00000000    rw-
  20000000    20000000    00000200   00000000    rw- .stack
  20000200    20000200    0000000c   00000000    rw- .bss
  2000020c    2000020c    00000009   00000000    rw- .data


SECTION ALLOCATION MAP

 output                                  attributes/
section   page    origin      length       input sections
--------  ----  ----------  ----------   ----------------
.intvecs   0    00000000    0000026c     
                  00000000    0000026c     tm4c123gh6pm_startup_ccs.obj (.intvecs)

.text      0    0000026c    00000d62     
                  0000026c    000005d4     main.obj (.text)
                  00000840    00000132     driverlib.lib : gpio.obj (.text:GPIOPadConfigSet)
                  00000972    00000002     rtsv7M4_T_le_v4SPD16_eabi.lib : div0.asm.obj (.text)
                  00000974    00000110     driverlib.lib : sysctl.obj (.text:SysCtlClockGet)
                  00000a84    000000f4                   : sysctl.obj (.text:SysCtlClockSet)
                  00000b78    0000009c     rtsv7M4_T_le_v4SPD16_eabi.lib : memcpy_t2.asm.obj (.text)
                  00000c14    00000068     driverlib.lib : interrupt.obj (.text:IntEnable)
                  00000c7c    00000068     rtsv7M4_T_le_v4SPD16_eabi.lib : copy_decompress_lzss.c.obj (.text:decompress:lzss:__TI_decompress_lzss)
                  00000ce4    00000048     driverlib.lib : gpio.obj (.text:GPIOPinConfigure)
                  00000d2c    00000046                   : uart.obj (.text:UARTConfigSetExpClk)
                  00000d72    00000002     --HOLE-- [fill = 0]
                  00000d74    00000044     rtsv7M4_T_le_v4SPD16_eabi.lib : autoinit.c.obj (.text:__TI_auto_init_nobinit_nopinit:__TI_auto_init_nobinit_nopinit)
                  00000db8    00000040                                   : u_divt2.asm.obj (.text)
                  00000df8    00000038     driverlib.lib : sysctl.obj (.text:SysCtlPeripheralPresent)
                  00000e30    00000034                   : sysctl.obj (.text:SysCtlPeripheralEnable)
                  00000e64    00000034     rtsv7M4_T_le_v4SPD16_eabi.lib : boot_cortex_m.c.obj (.text:_c_int00_noargs:_c_int00_noargs)
                  00000e98    0000002a     driverlib.lib : gpio.obj (.text:GPIODirModeSet)
                  00000ec2    00000002     --HOLE-- [fill = 0]
                  00000ec4    00000020                   : uart.obj (.text:UARTDisable)
                  00000ee4    0000001c     rtsv7M4_T_le_v4SPD16_eabi.lib : copy_zero_init.c.obj (.text:decompress:ZI:__TI_zero_init_nomemset:__TI_zero_init_nomemset)
                  00000f00    00000018     driverlib.lib : gpio.obj (.text:GPIOPinTypeGPIOOutput)
                  00000f18    00000014                   : uart.obj (.text:UARTEnable)
                  00000f2c    00000012                   : gpio.obj (.text:GPIOPinTypeUART)
                  00000f3e    00000010                   : interrupt.obj (.text:IntMasterEnable)
                  00000f4e    0000000e                   : uart.obj (.text:UARTCharGetNonBlocking)
                  00000f5c    0000000e                   : uart.obj (.text:UARTCharsAvail)
                  00000f6a    0000000e     rtsv7M4_T_le_v4SPD16_eabi.lib : copy_decompress_none.c.obj (.text:decompress:none:__TI_decompress_none)
                  00000f78    0000000c     driverlib.lib : cpu.obj (.text:CPUcpsie)
                  00000f84    0000000c     tm4c123gh6pm_startup_ccs.obj (.text)
                  00000f90    0000000a     driverlib.lib : uart.obj (.text:UARTCharGet)
                  00000f9a    0000000a                   : uart.obj (.text:UARTCharPut)
                  00000fa4    0000000a                   : uart.obj (.text:UARTIntStatus)
                  00000fae    00000008                   : uart.obj (.text:UARTIntEnable)
                  00000fb6    00000006                   : gpio.obj (.text:GPIOPinWrite)
                  00000fbc    00000006                   : sysctl.obj (.text:SysCtlDelay)
                  00000fc2    00000004                   : uart.obj (.text:UARTIntClear)
                  00000fc6    00000004     rtsv7M4_T_le_v4SPD16_eabi.lib : pre_init.c.obj (.text:_system_pre_init)
                  00000fca    00000004                                   : exit.c.obj (.text:abort:abort)

.const     0    00000fd0    000001a8     
                  00000fd0    00000090     driverlib.lib : gpio.obj (.const:g_pui32GPIOBaseAddrs)
                  00001060    00000070                   : interrupt.obj (.const)
                  000010d0    0000006c                   : sysctl.obj (.const:g_pui32Xtals)
                  0000113c    00000020     main.obj (.const:.string)
                  0000115c    0000000c     main.obj (.const:g_ui32UARTBase)
                  00001168    0000000c     main.obj (.const:g_ui32UARTPeriph)
                  00001174    00000004     main.obj (.const)

.cinit     0    00001178    00000030     
                  00001178    0000000c     (__TI_handler_table)
                  00001184    0000000b     (.cinit..data.load) [load image, compression = lzss]
                  0000118f    00000001     --HOLE-- [fill = 0]
                  00001190    00000008     (.cinit..bss.load) [load image, compression = zero_init]
                  00001198    00000010     (__TI_cinit_table)

.init_array 
*          0    00000000    00000000     UNINITIALIZED

.bss       0    20000200    0000000c     UNINITIALIZED
                  20000200    00000008     (.common:RX)
                  20000208    00000004     (.common:ui32Status)

.data      0    2000020c    00000009     UNINITIALIZED
                  2000020c    00000009     main.obj (.data)

.stack     0    20000000    00000200     UNINITIALIZED
                  20000000    00000004     rtsv7M4_T_le_v4SPD16_eabi.lib : boot_cortex_m.c.obj (.stack)
                  20000004    000001fc     --HOLE--

__llvm_prf_cnts 
*          0    20000000    00000000     UNINITIALIZED

MODULE SUMMARY

       Module                         code   ro data   rw data
       ------                         ----   -------   -------
    .\
       main.obj                       1492   60        21     
       tm4c123gh6pm_startup_ccs.obj   12     620       0      
    +--+------------------------------+------+---------+---------+
       Total:                         1504   680       21     
                                                              
    ../driverlib.lib
       sysctl.obj                     630    108       0      
       gpio.obj                       468    144       0      
       interrupt.obj                  120    112       0      
       uart.obj                       192    0         0      
       cpu.obj                        12     0         0      
    +--+------------------------------+------+---------+---------+
       Total:                         1422   364       0      
                                                              
    C:\ti\ccs1020\ccs\tools\compiler\ti-cgt-arm_20.2.2.LTS\lib\rtsv7M4_T_le_v4SPD16_eabi.lib
       memcpy_t2.asm.obj              156    0         0      
       copy_decompress_lzss.c.obj     104    0         0      
       autoinit.c.obj                 68     0         0      
       u_divt2.asm.obj                64     0         0      
       boot_cortex_m.c.obj            52     0         0      
       copy_zero_init.c.obj           28     0         0      
       copy_decompress_none.c.obj     14     0         0      
       exit.c.obj                     4      0         0      
       pre_init.c.obj                 4      0         0      
       div0.asm.obj                   2      0         0      
    +--+------------------------------+------+---------+---------+
       Total:                         496    0         0      
                                                              
       Stack:                         0      0         512    
       Linker Generated:              0      47        0      
    +--+------------------------------+------+---------+---------+
       Grand Total:                   3422   1091      533    


LINKER GENERATED COPY TABLES

__TI_cinit_table @ 00001198 records: 2, size/record: 8, table size: 16
	.data: load addr=00001184, load size=0000000b bytes, run addr=2000020c, run size=00000009 bytes, compression=lzss
	.bss: load addr=00001190, load size=00000008 bytes, run addr=20000200, run size=0000000c bytes, compression=zero_init


LINKER GENERATED HANDLER TABLE

__TI_handler_table @ 00001178 records: 3, size/record: 4, table size: 12
	index: 0, handler: __TI_decompress_lzss
	index: 1, handler: __TI_decompress_none
	index: 2, handler: __TI_zero_init


GLOBAL SYMBOLS: SORTED ALPHABETICALLY BY Name 

address   name                          
-------   ----                          
00000fcb  C$$EXIT                       
20000210  CHARS                         
00000f79  CPUcpsie                      
00000e99  GPIODirModeSet                
00000841  GPIOPadConfigSet              
00000ce5  GPIOPinConfigure              
00000f01  GPIOPinTypeGPIOOutput         
00000f2d  GPIOPinTypeUART               
00000fb7  GPIOPinWrite                  
00000c15  IntEnable                     
00000f3f  IntMasterEnable               
20000200  RX                            
00000f85  ResetISR                      
00000975  SysCtlClockGet                
00000a85  SysCtlClockSet                
00000fbd  SysCtlDelay                   
00000e31  SysCtlPeripheralEnable        
00000df9  SysCtlPeripheralPresent       
00000f91  UARTCharGet                   
00000f4f  UARTCharGetNonBlocking        
00000f9b  UARTCharPut                   
00000f5d  UARTCharsAvail                
00000d2d  UARTConfigSetExpClk           
00000ec5  UARTDisable                   
00000f19  UARTEnable                    
00000fc3  UARTIntClear                  
00000faf  UARTIntEnable                 
000006f7  UARTIntHandler                
00000fa5  UARTIntStatus                 
0000026d  UARTStdioConfig               
000003b3  UARTgetc                      
000002f9  UARTgets                      
000006d3  UARTprintf                    
000003d9  UARTvprintf                   
000002b3  UARTwrite                     
20000200  __STACK_END                   
00000200  __STACK_SIZE                  
20000200  __STACK_TOP                   
00001198  __TI_CINIT_Base               
000011a8  __TI_CINIT_Limit              
00001178  __TI_Handler_Table_Base       
00001184  __TI_Handler_Table_Limit      
00000d75  __TI_auto_init_nobinit_nopinit
00000c7d  __TI_decompress_lzss          
00000f6b  __TI_decompress_none          
ffffffff  __TI_pprof_out_hndl           
ffffffff  __TI_prof_data_size           
ffffffff  __TI_prof_data_start          
00000000  __TI_static_base__            
00000ee5  __TI_zero_init_nomemset       
00000973  __aeabi_idiv0                 
00000973  __aeabi_ldiv0                 
00000b79  __aeabi_memcpy                
00000b79  __aeabi_memcpy4               
00000b79  __aeabi_memcpy8               
00000db9  __aeabi_uidiv                 
00000db9  __aeabi_uidivmod              
ffffffff  __binit__                     
ffffffff  __c_args__                    
UNDEFED   __mpu_init                    
20000000  __stack                       
20000000  __start___llvm_prf_cnts       
20000000  __stop___llvm_prf_cnts        
00000e65  _c_int00_noargs               
UNDEFED   _system_post_cinit            
00000fc7  _system_pre_init              
00000fcb  abort                         
ffffffff  binit                         
000007f1  bluetoothSendMessage          
00000000  g_pfnVectors                  
00000773  main                          
00000b79  memcpy                        
20000208  ui32Status                    


GLOBAL SYMBOLS: SORTED BY Symbol Address 

address   name                          
-------   ----                          
00000000  __TI_static_base__            
00000000  g_pfnVectors                  
00000200  __STACK_SIZE                  
0000026d  UARTStdioConfig               
000002b3  UARTwrite                     
000002f9  UARTgets                      
000003b3  UARTgetc                      
000003d9  UARTvprintf                   
000006d3  UARTprintf                    
000006f7  UARTIntHandler                
00000773  main                          
000007f1  bluetoothSendMessage          
00000841  GPIOPadConfigSet              
00000973  __aeabi_idiv0                 
00000973  __aeabi_ldiv0                 
00000975  SysCtlClockGet                
00000a85  SysCtlClockSet                
00000b79  __aeabi_memcpy                
00000b79  __aeabi_memcpy4               
00000b79  __aeabi_memcpy8               
00000b79  memcpy                        
00000c15  IntEnable                     
00000c7d  __TI_decompress_lzss          
00000ce5  GPIOPinConfigure              
00000d2d  UARTConfigSetExpClk           
00000d75  __TI_auto_init_nobinit_nopinit
00000db9  __aeabi_uidiv                 
00000db9  __aeabi_uidivmod              
00000df9  SysCtlPeripheralPresent       
00000e31  SysCtlPeripheralEnable        
00000e65  _c_int00_noargs               
00000e99  GPIODirModeSet                
00000ec5  UARTDisable                   
00000ee5  __TI_zero_init_nomemset       
00000f01  GPIOPinTypeGPIOOutput         
00000f19  UARTEnable                    
00000f2d  GPIOPinTypeUART               
00000f3f  IntMasterEnable               
00000f4f  UARTCharGetNonBlocking        
00000f5d  UARTCharsAvail                
00000f6b  __TI_decompress_none          
00000f79  CPUcpsie                      
00000f85  ResetISR                      
00000f91  UARTCharGet                   
00000f9b  UARTCharPut                   
00000fa5  UARTIntStatus                 
00000faf  UARTIntEnable                 
00000fb7  GPIOPinWrite                  
00000fbd  SysCtlDelay                   
00000fc3  UARTIntClear                  
00000fc7  _system_pre_init              
00000fcb  C$$EXIT                       
00000fcb  abort                         
00001178  __TI_Handler_Table_Base       
00001184  __TI_Handler_Table_Limit      
00001198  __TI_CINIT_Base               
000011a8  __TI_CINIT_Limit              
20000000  __stack                       
20000000  __start___llvm_prf_cnts       
20000000  __stop___llvm_prf_cnts        
20000200  RX                            
20000200  __STACK_END                   
20000200  __STACK_TOP                   
20000208  ui32Status                    
20000210  CHARS                         
ffffffff  __TI_pprof_out_hndl           
ffffffff  __TI_prof_data_size           
ffffffff  __TI_prof_data_start          
ffffffff  __binit__                     
ffffffff  __c_args__                    
ffffffff  binit                         
UNDEFED   __mpu_init                    
UNDEFED   _system_post_cinit            

[73 symbols]
